
> kitchenpal-backend@1.0.0 test
> jest tests/ocr.test.js

node.exe : FAIL tests/ocr.test.js
At 
C:\Users\Senuri\AppData\Roaming\npm\npm.ps1:24 
char:5
+     & "node$exe"  
"$basedir/node_modules/npm/bin/npm-cli.js" $args
+     ~~~~~~~~~~~~~~~~~~~~~~~~~~~~~~~~~~~~~~~~~~
~~~~~~~~~~~~~~~~~~~~
    + CategoryInfo          : NotSpecified: (FA 
   IL tests/ocr.test.js:String) [], RemoteExce  
  ption
    + FullyQualifiedErrorId : NativeCommandErro 
   r
 
  OCRService
    ├ù extracts expiry and manufacture dates 
correctly (3 ms)
    ├ù extracts dates with different formats
    ΓêÜ returns nulls when no dates found

  ΓùÅ OCRService ΓÇ║ extracts expiry and 
manufacture dates correctly

    TypeError: Cannot read properties of null 
(reading 'getDate')

    [0m [90m 41 |[39m         [90m// Check 
specific dates (months are 0-indexed in JS 
Date, but check logic)[39m
     [90m 42 |[39m         [90m// EXP 
25/12/2025[39m
    [31m[1m>[22m[39m[90m 43 |[39m         
expect(result[33m.[39mexpiryDate[33m.[39mget
Date())[33m.[39mtoBe([35m25[39m)[33m;[39m
     [90m    |[39m                            
      [31m[1m^[22m[39m
     [90m 44 |[39m         expect(result[33m.
[39mexpiryDate[33m.[39mgetFullYear())[33m.[
39mtoBe([35m2025[39m)[33m;[39m
     [90m 45 |[39m
     [90m 46 |[39m         [90m// MFG 01 Jan 
2025[39m[0m

      at Object.getDate 
(tests/ocr.test.js:43:34)

  ΓùÅ OCRService ΓÇ║ extracts dates with 
different formats

    TypeError: Cannot read properties of null 
(reading 'getFullYear')

    [0m [90m 55 |[39m         [90m// Best 
Before: 2024-10-15[39m
     [90m 56 |[39m         expect(result[33m.
[39mexpiryDate)[33m.[39mtoBeDefined()[33m;[
39m
    [31m[1m>[22m[39m[90m 57 |[39m         
expect(result[33m.[39mexpiryDate[33m.[39mget
FullYear())[33m.[39mtoBe([35m2024[39m)[33m;
[39m
     [90m    |[39m                            
      [31m[1m^[22m[39m
     [90m 58 |[39m         expect(result[33m.
[39mexpiryDate[33m.[39mgetMonth())[33m.[39m
toBe([35m9[39m)[33m;[39m [90m// Oct[39m
     [90m 59 |[39m         expect(result[33m.
[39mexpiryDate[33m.[39mgetDate())[33m.[39mt
oBe([35m15[39m)[33m;[39m
     [90m 60 |[39m[0m

      at Object.getFullYear 
(tests/ocr.test.js:57:34)

Test Suites: 1 failed, 1 total
Tests:       2 failed, 1 passed, 3 total
Snapshots:   0 total
Time:        0.398 s, estimated 1 s
Ran all test suites matching 
/tests\\ocr.test.js/i.
